3965_3.lean:10:8-10:16: warning: declaration uses `sorry`
3965_3.lean:52:19-52:26: warning: @Sup.sup does not have a doc string
3965_3.lean:55:19-55:26: warning: @Inf.inf does not have a doc string
3965_3.lean:95:4-95:21: warning: declaration uses `sorry`
3965_3.lean:127:8-127:14: warning: declaration uses `sorry`
3965_3.lean:140:8-140:19: warning: declaration uses `sorry`
3965_3.lean:142:8-142:18: warning: declaration uses `sorry`
3965_3.lean:150:14-150:28: warning: declaration uses `sorry`
3965_3.lean:150:14-150:28: warning: declaration uses `sorry`
3965_3.lean:150:14-150:28: warning: declaration uses `sorry`
3965_3.lean:150:14-150:28: warning: declaration uses `sorry`
3965_3.lean:150:14-150:28: warning: declaration uses `sorry`
3965_3.lean:150:14-150:28: warning: declaration uses `sorry`
3965_3.lean:150:14-150:28: warning: declaration uses `sorry`
3965_3.lean:158:14-158:28: warning: declaration uses `sorry`
3965_3.lean:158:14-158:28: warning: declaration uses `sorry`
3965_3.lean:158:14-158:28: warning: declaration uses `sorry`
3965_3.lean:158:14-158:28: warning: declaration uses `sorry`
3965_3.lean:158:14-158:28: warning: declaration uses `sorry`
3965_3.lean:158:14-158:28: warning: declaration uses `sorry`
3965_3.lean:158:14-158:28: warning: declaration uses `sorry`
3965_3.lean:219:8-219:15: warning: declaration uses `sorry`
3965_3.lean:229:8-229:15: warning: declaration uses `sorry`
3965_3.lean:262:9-262:17: warning: declaration uses `sorry`
3965_3.lean:264:9-264:17: warning: declaration uses `sorry`
3965_3.lean:280:4-280:23: warning: declaration uses `sorry`
3965_3.lean:280:4-280:23: warning: declaration uses `sorry`
3965_3.lean:280:4-280:23: warning: declaration uses `sorry`
3965_3.lean:280:4-280:23: warning: declaration uses `sorry`
3965_3.lean:289:0-289:7: warning: declaration uses `sorry`
