[Compiler.result] size: 5
    def MyOption.isSomeWithInstance._at_.isSomeWithInstanceNat.spec_0 (x.1 : @&tobj) : UInt8 :=
      cases x.1 : UInt8
      | MyOption.none =>
        let _x.2 : UInt8 := 0;
        return _x.2
      | MyOption.some =>
        let _x.3 : UInt8 := 1;
        return _x.3
[Compiler.result] size: 3
    def MyOption.isSomeWithInstance._at_.isSomeWithInstanceNat.spec_0._boxed (x.1 : tobj) : tagged :=
      let res : UInt8 := MyOption.isSomeWithInstance._at_.isSomeWithInstanceNat.spec_0 x.1;
      dec x.1;
      let r : tagged := box res;
      return r
[Compiler.result] size: 3
    def isSomeWithInstanceNat (m : @&obj) : UInt8 :=
      let _x.1 : USize := 0;
      let _x.2 : tobj := Array.ugetBorrowed ◾ m _x.1 ◾;
      let _x.3 : UInt8 := MyOption.isSomeWithInstance._at_.isSomeWithInstanceNat.spec_0 _x.2;
      return _x.3
[Compiler.result] size: 3
    def isSomeWithInstanceNat._boxed (m : obj) : tagged :=
      let res : UInt8 := isSomeWithInstanceNat m;
      dec[ref] m;
      let r : tagged := box res;
      return r
