[Compiler.simp] size: 9
    def f x b : Bool :=
      jp _jp.1 _y.2 : Bool :=
        let _x.3 := instDecidableEqNat x _y.2;
        let _x.4 := decide ◾ _x.3;
        return _x.4;
      cases b : Bool
      | Bool.false =>
        let _x.5 := 1;
        goto _jp.1 _x.5
      | Bool.true =>
        let _x.6 := 2;
        goto _jp.1 _x.6
[Compiler.simp] size: 9
    def f x b : Bool :=
      jp _jp.1 _y.2 : Bool :=
        let _x.3 := instDecidableEqNat x _y.2;
        let _x.4 := decide ◾ _x.3;
        return _x.4;
      cases b : Bool
      | Bool.false =>
        let _x.5 := 1;
        goto _jp.1 _x.5
      | Bool.true =>
        let _x.6 := 2;
        goto _jp.1 _x.6
[Compiler.simp] size: 9
    def f x b : Bool :=
      jp _jp.1 _y.2 : Bool :=
        let _x.3 := instDecidableEqNat x _y.2;
        let _x.4 := decide ◾ _x.3;
        return _x.4;
      cases b : Bool
      | Bool.false =>
        let _x.5 := 1;
        goto _jp.1 _x.5
      | Bool.true =>
        let _x.6 := 2;
        goto _jp.1 _x.6
[Compiler.simp] size: 7
    def f x b : Bool :=
      cases b : Bool
      | Bool.false =>
        let _x.1 := 1;
        let _x.2 := Nat.decEq x _x.1;
        return _x.2
      | Bool.true =>
        let _x.3 := 2;
        let _x.4 := Nat.decEq x _x.3;
        return _x.4
[Compiler.simp] size: 7
    def f x b : Bool :=
      cases b : Bool
      | Bool.false =>
        let _x.1 := 1;
        let _x.2 := Nat.decEq x _x.1;
        return _x.2
      | Bool.true =>
        let _x.3 := 2;
        let _x.4 := Nat.decEq x _x.3;
        return _x.4
[Compiler.simp] size: 7
    def f x b : Bool :=
      cases b : Bool
      | Bool.false =>
        let _x.1 := 1;
        let _x.2 := Nat.decEq x _x.1;
        return _x.2
      | Bool.true =>
        let _x.3 := 2;
        let _x.4 := Nat.decEq x _x.3;
        return _x.4
[Compiler.simp] size: 12
    def _private.elab.attachJp.0._eval a.1 a.2 a.3 : EST.Out Lean.Exception lcAny PUnit :=
      let _x.4 := "f";
      let _x.5 := Lean.Name.mkStr1 _x.4;
      let _x.6 := 1;
      let _x.7 := @Array.mkEmpty _ _x.6;
      let _x.8 := @Array.push _ _x.7 _x.5;
      let _x.9 := PUnit.unit;
      fun _f.10 _y.11 _y.12 _y.13 _y.14 _y.15 _y.16 _y.17 : EST.Out Lean.Exception lcAny PUnit :=
        let _x.18 := Lean.Compiler.compile _x.8 _y.15 _y.16 _y.17;
        cases _x.18 : EST.Out Lean.Exception lcAny PUnit
        | EST.Out.ok a.19 a.20 =>
          let _x.21 := @EST.Out.ok _ _ _ _x.9 a.20;
          return _x.21
        | EST.Out.error a.22 a.23 =>
          return _x.18;
      let _x.24 := @Lean.Elab.Command.liftTermElabM _ _f.10 a.1 a.2 a.3;
      return _x.24
[Compiler.simp] size: 12
    def _private.elab.attachJp.0._eval a.1 a.2 a.3 : EST.Out Lean.Exception lcAny PUnit :=
      let _x.4 := "f";
      let _x.5 := Lean.Name.mkStr1 _x.4;
      let _x.6 := 1;
      let _x.7 := @Array.mkEmpty _ _x.6;
      let _x.8 := @Array.push _ _x.7 _x.5;
      let _x.9 := PUnit.unit;
      fun _f.10 _y.11 _y.12 _y.13 _y.14 _y.15 _y.16 _y.17 : EST.Out Lean.Exception lcAny PUnit :=
        let _x.18 := Lean.Compiler.compile _x.8 _y.15 _y.16 _y.17;
        cases _x.18 : EST.Out Lean.Exception lcAny PUnit
        | EST.Out.ok a.19 a.20 =>
          let _x.21 := @EST.Out.ok _ _ _ _x.9 a.20;
          return _x.21
        | EST.Out.error a.22 a.23 =>
          return _x.18;
      let _x.24 := @Lean.Elab.Command.liftTermElabM _ _f.10 a.1 a.2 a.3;
      return _x.24
[Compiler.simp] size: 12
    def _private.elab.attachJp.0._eval a.1 a.2 a.3 : EST.Out Lean.Exception lcAny PUnit :=
      let _x.4 := "f";
      let _x.5 := Lean.Name.mkStr1 _x.4;
      let _x.6 := 1;
      let _x.7 := @Array.mkEmpty _ _x.6;
      let _x.8 := @Array.push _ _x.7 _x.5;
      let _x.9 := PUnit.unit;
      fun _f.10 _y.11 _y.12 _y.13 _y.14 _y.15 _y.16 _y.17 : EST.Out Lean.Exception lcAny PUnit :=
        let _x.18 := Lean.Compiler.compile _x.8 _y.15 _y.16 _y.17;
        cases _x.18 : EST.Out Lean.Exception lcAny PUnit
        | EST.Out.ok a.19 a.20 =>
          let _x.21 := @EST.Out.ok _ _ _ _x.9 a.20;
          return _x.21
        | EST.Out.error a.22 a.23 =>
          return _x.18;
      let _x.24 := @Lean.Elab.Command.liftTermElabM _ _f.10 a.1 a.2 a.3;
      return _x.24
[Compiler.simp] size: 12
    def _private.elab.attachJp.0._eval a.1 a.2 a.3 : EST.Out Lean.Exception lcAny PUnit :=
      let _x.4 := "f";
      let _x.5 := Lean.Name.mkStr1 _x.4;
      let _x.6 := 1;
      let _x.7 := Array.mkEmpty ◾ _x.6;
      let _x.8 := Array.push ◾ _x.7 _x.5;
      let _x.9 := PUnit.unit;
      fun _f.10 _y.11 _y.12 _y.13 _y.14 _y.15 _y.16 _y.17 : EST.Out Lean.Exception lcAny PUnit :=
        let _x.18 := Lean.Compiler.compile _x.8 _y.15 _y.16 _y.17;
        cases _x.18 : EST.Out Lean.Exception lcAny PUnit
        | EST.Out.ok a.19 a.20 =>
          let _x.21 := @EST.Out.ok ◾ ◾ ◾ _x.9 a.20;
          return _x.21
        | EST.Out.error a.22 a.23 =>
          return _x.18;
      let _x.24 := Lean.Elab.Command.liftTermElabM._redArg _f.10 a.1 a.2 a.3;
      return _x.24
[Compiler.simp] size: 12
    def _private.elab.attachJp.0._eval a.1 a.2 a.3 : EST.Out Lean.Exception lcAny PUnit :=
      let _x.4 := "f";
      let _x.5 := Lean.Name.mkStr1 _x.4;
      let _x.6 := 1;
      let _x.7 := Array.mkEmpty ◾ _x.6;
      let _x.8 := Array.push ◾ _x.7 _x.5;
      let _x.9 := PUnit.unit;
      fun _f.10 _y.11 _y.12 _y.13 _y.14 _y.15 _y.16 _y.17 : EST.Out Lean.Exception lcAny PUnit :=
        let _x.18 := Lean.Compiler.compile _x.8 _y.15 _y.16 _y.17;
        cases _x.18 : EST.Out Lean.Exception lcAny PUnit
        | EST.Out.ok a.19 a.20 =>
          let _x.21 := @EST.Out.ok ◾ ◾ ◾ _x.9 a.20;
          return _x.21
        | EST.Out.error a.22 a.23 =>
          return _x.18;
      let _x.24 := Lean.Elab.Command.liftTermElabM._redArg _f.10 a.1 a.2 a.3;
      return _x.24
[Compiler.simp] size: 5
    def _private.elab.attachJp.0._eval._lam_0 _x.1 _x.2 _y.3 _y.4 _y.5 _y.6 _y.7 _y.8 _y.9 : EST.Out Lean.Exception
      lcAny PUnit :=
      let _x.10 := Lean.Compiler.compile _x.1 _y.7 _y.8 _y.9;
      cases _x.10 : EST.Out Lean.Exception lcAny PUnit
      | EST.Out.ok a.11 a.12 =>
        let _x.13 := @EST.Out.ok ◾ ◾ ◾ _x.2 a.12;
        return _x.13
      | EST.Out.error a.14 a.15 =>
        return _x.10
[Compiler.simp] size: 8
    def _private.elab.attachJp.0._eval a.1 a.2 a.3 : EST.Out Lean.Exception lcAny PUnit :=
      let _x.4 := "f";
      let _x.5 := Lean.Name.mkStr1 _x.4;
      let _x.6 := 1;
      let _x.7 := Array.mkEmpty ◾ _x.6;
      let _x.8 := Array.push ◾ _x.7 _x.5;
      let _x.9 := PUnit.unit;
      let _f.10 := _eval._lam_0.2 _x.8 _x.9;
      let _x.11 := Lean.Elab.Command.liftTermElabM._redArg _f.10 a.1 a.2 a.3;
      return _x.11
