bhaviksSampler.lean:99:4-99:11: warning: declaration uses `sorry`
bhaviksSampler.lean:118:4-118:8: warning: declaration uses `sorry`
bhaviksSampler.lean:127:8-127:18: warning: declaration uses `sorry`
bhaviksSampler.lean:130:8-130:25: warning: declaration uses `sorry`
bhaviksSampler.lean:157:17-157:24: warning: declaration uses `sorry`
bhaviksSampler.lean:153:8-153:23: warning: declaration uses `sorry`
