[Compiler.result] size: 0
    def _private.elab.externBoxing.0.Foo.bar (self : obj) (a._@._internal._hyg.1 : UInt64) : UInt64 :=
      extern
[Compiler.result] size: 4
    def _private.elab.externBoxing.0.Foo.bar._boxed (self : obj) (a._@._internal._hyg.1 : obj) : obj :=
      let a.«_@»._internal._hyg.1.boxed : UInt64 := unbox a._@._internal._hyg.1;
      dec[ref] a._@._internal._hyg.1;
      let res : UInt64 := _private.elab.externBoxing.0.Foo.bar self a.«_@»._internal._hyg.1.boxed;
      let r : obj := box res;
      return r
