grind_semiring_norm_regression.lean:38:9-38:33: warning: declaration uses `sorry`
grind_semiring_norm_regression.lean:38:9-38:33: warning: declaration uses `sorry`
grind_semiring_norm_regression.lean:38:9-38:33: warning: declaration uses `sorry`
grind_semiring_norm_regression.lean:38:9-38:33: warning: declaration uses `sorry`
grind_semiring_norm_regression.lean:38:9-38:33: warning: declaration uses `sorry`
grind_semiring_norm_regression.lean:38:9-38:33: warning: declaration uses `sorry`
grind_semiring_norm_regression.lean:38:9-38:33: warning: declaration uses `sorry`
grind_semiring_norm_regression.lean:38:9-38:33: warning: declaration uses `sorry`
grind_semiring_norm_regression.lean:38:9-38:33: warning: declaration uses `sorry`
grind_semiring_norm_regression.lean:38:9-38:33: warning: declaration uses `sorry`
grind_semiring_norm_regression.lean:38:9-38:33: warning: declaration uses `sorry`
grind_semiring_norm_regression.lean:38:9-38:33: warning: declaration uses `sorry`
grind_semiring_norm_regression.lean:38:9-38:33: warning: declaration uses `sorry`
grind_semiring_norm_regression.lean:38:9-38:33: warning: declaration uses `sorry`
grind_semiring_norm_regression.lean:38:9-38:33: warning: declaration uses `sorry`
grind_semiring_norm_regression.lean:38:9-38:33: warning: declaration uses `sorry`
