grind_offset.lean:92:0-92:7: warning: declaration uses `sorry`
grind_offset.lean:104:0-104:7: warning: declaration uses `sorry`
grind_offset.lean:115:0-115:7: warning: declaration uses `sorry`
grind_offset.lean:127:0-127:7: warning: declaration uses `sorry`
grind_offset.lean:136:0-136:7: warning: declaration uses `sorry`
grind_offset.lean:148:0-148:7: warning: declaration uses `sorry`
