issue2628.lean:8:4-8:7: warning: declaration uses `sorry`
issue2628.lean:7:0-17:3: warning: declaration uses `sorry`
issue2628.lean:28:4-28:7: warning: declaration uses `sorry`
issue2628.lean:27:0-40:3: warning: declaration uses `sorry`
issue2628.lean:48:4-48:7: warning: declaration uses `sorry`
issue2628.lean:47:0-56:3: warning: declaration uses `sorry`
issue2628.lean:65:4-65:7: warning: declaration uses `sorry`
issue2628.lean:64:0-76:3: warning: declaration uses `sorry`
issue2628.lean:86:4-86:7: warning: declaration uses `sorry`
issue2628.lean:85:0-94:3: warning: declaration uses `sorry`
issue2628.lean:103:4-103:7: warning: declaration uses `sorry`
issue2628.lean:102:0-114:3: warning: declaration uses `sorry`
