[Compiler.saveMono] size: 9
    def g._redArg (n : Nat) (a : lcAny) (f : lcAny → lcAny) : lcAny :=
      let _x.1 := 0;
      let _x.2 := Nat.decEq n _x.1;
      cases _x.2 : lcAny
      | Bool.false =>
        let _x.3 := 1;
        let _x.4 := Nat.sub n _x.3;
        let _x.5 := g._redArg _x.4 a f;
        let _x.6 := f _x.5;
        return _x.6
      | Bool.true =>
        return a
[Compiler.saveMono] size: 1
    def g (α : ◾) (n : Nat) (a : lcAny) (b : lcAny) (f : lcAny → lcAny) : lcAny :=
      let _x.1 := g._redArg n a f;
      return _x.1
[Compiler.saveMono] size: 4
    def h (n : Nat) (a : Nat) : Nat :=
      let _x.1 := double;
      let _x.2 := g._redArg n a _x.1;
      let _x.3 := g._redArg a n _x.1;
      let _x.4 := Nat.add _x.2 _x.3;
      return _x.4
