simproc_timeout.lean:54:8-54:23: warning: declaration uses `sorry`
simproc_timeout.lean:71:4-71:19: warning: declaration uses `sorry`
simproc_timeout.lean:75:4-75:17: warning: declaration uses `sorry`
simproc_timeout.lean:79:4-79:11: warning: declaration uses `sorry`
simproc_timeout.lean:85:9-85:32: warning: declaration uses `sorry`
simproc_timeout.lean:100:9-100:31: warning: declaration uses `sorry`
simproc_timeout.lean:118:4-118:7: warning: declaration uses `sorry`
simproc_timeout.lean:149:9-149:30: warning: declaration uses `sorry`
simproc_timeout.lean:185:26-185:39: warning: declaration uses `sorry`
simproc_timeout.lean:187:9-187:15: warning: declaration uses `sorry`
simproc_timeout.lean:200:18-200:24: warning: declaration uses `sorry`
simproc_timeout.lean:202:8-202:12: warning: declaration uses `sorry`
simproc_timeout.lean:211:9-211:13: warning: declaration uses `sorry`
simproc_timeout.lean:222:8-222:11: warning: declaration uses `sorry`
simproc_timeout.lean:224:8-224:11: warning: declaration uses `sorry`
simproc_timeout.lean:237:8-237:21: warning: declaration uses `sorry`
simproc_timeout.lean:248:8-248:19: warning: declaration uses `sorry`
simproc_timeout.lean:275:9-275:13: warning: declaration uses `sorry`
simproc_timeout.lean:285:8-285:17: warning: declaration uses `sorry`
