{"textDocument": {"uri": "file:///completionOpenNamespaces.lean"},
 "position": {"line": 11, "character": 68}}
{"items":
 [{"label": "verySpecificDefinitionNameOfCompletionOpenNamespaces",
   "kind": 21,
   "data":
   ["file:///completionOpenNamespaces.lean",
    11,
    68,
    0,
    "cA.B1.verySpecificDefinitionNameOfCompletionOpenNamespaces"]}],
 "isIncomplete": false}
Resolution of verySpecificDefinitionNameOfCompletionOpenNamespaces:
{"label": "verySpecificDefinitionNameOfCompletionOpenNamespaces",
 "kind": 21,
 "detail": "Nat",
 "data":
 ["file:///completionOpenNamespaces.lean",
  11,
  68,
  0,
  "cA.B1.verySpecificDefinitionNameOfCompletionOpenNamespaces"]}
{"textDocument": {"uri": "file:///completionOpenNamespaces.lean"},
 "position": {"line": 14, "character": 71}}
{"items": [], "isIncomplete": false}
{"textDocument": {"uri": "file:///completionOpenNamespaces.lean"},
 "position": {"line": 16, "character": 74}}
{"items":
 [{"label": "B2.verySpecificDefinitionNameOfCompletionOpenNamespacesPrivate",
   "kind": 21,
   "data":
   ["file:///completionOpenNamespaces.lean",
    16,
    74,
    0,
    "cA.B2.verySpecificDefinitionNameOfCompletionOpenNamespacesPrivate"]}],
 "isIncomplete": false}
Resolution of B2.verySpecificDefinitionNameOfCompletionOpenNamespacesPrivate:
{"label": "B2.verySpecificDefinitionNameOfCompletionOpenNamespacesPrivate",
 "kind": 21,
 "detail": "Nat",
 "data":
 ["file:///completionOpenNamespaces.lean",
  16,
  74,
  0,
  "cA.B2.verySpecificDefinitionNameOfCompletionOpenNamespacesPrivate"]}
