Input: "[My link][lean]\n\n[lean]: https://lean-lang.org\nhello"
Success! Final stack:
  [(Lean.Doc.Parser.Block.para
    [(Lean.Doc.Parser.Inline.link
      "["
      [(Lean.Doc.Parser.Inline.text
        (Lean.Doc.Parser.versoText "My link"))]
      "]"
      (Lean.Doc.Parser.LinkTarget.ref
       "["
       (Lean.Doc.Parser.versoRef "lean")
       "]"))])
   (Lean.Doc.Parser.Block.link_ref
    "["
    (Lean.Doc.Parser.versoRef "lean")
    "]:"
    (Lean.Doc.Parser.versoLinkRefUrl
     "https://lean-lang.org"))
   (Lean.Doc.Parser.Block.para
    [(Lean.Doc.Parser.Inline.text
      (Lean.Doc.Parser.versoText "hello"))])]
All input consumed.
Round-trip OK
Decoded views:
  para
    link (opener := "[") (closer := "]") (target := ref (opener := "[") (name := "lean") (closer := "]"))
      text (content := "My link")
  linkRef (opener := "[") (name := "lean") (closer := "]:") (url := "https://lean-lang.org")
  para
    text (content := "hello")
