Input: "> 1. foo"
Success! Final stack:
  [(Lean.Doc.Parser.Block.blockquote
    ">"
    [(Lean.Doc.Parser.Block.ol
      [(Lean.Doc.Parser.ListItem.item
        (Lean.Doc.Parser.listMarker "1.")
        [(Lean.Doc.Parser.Block.para
          [(Lean.Doc.Parser.Inline.text
            (Lean.Doc.Parser.versoText
             "foo"))])])])])]
All input consumed.
Round-trip OK
Decoded views:
  blockquote (marker := ">")
    ol (start := 1)
      item (marker := "1.")
        para
          text (content := "foo")
