Input: "Newlines are preserved\nin paragraphs."
Success! Final stack:
  [(Lean.Doc.Parser.Block.para
    [(Lean.Doc.Parser.Inline.text
      (Lean.Doc.Parser.versoText
       "Newlines are preserved"))
     (Lean.Doc.Parser.Inline.linebreak "\n")
     (Lean.Doc.Parser.Inline.text
      (Lean.Doc.Parser.versoText
       "in paragraphs."))])]
All input consumed.
Round-trip OK
Decoded views:
  para
    text (content := "Newlines are preserved")
    linebreak (newline := "\n")
    text (content := "in paragraphs.")
