Input: "> hey\n"
Success! Final stack:
  [(Lean.Doc.Parser.Block.blockquote
    ">"
    [(Lean.Doc.Parser.Block.para
      [(Lean.Doc.Parser.Inline.text
        (Lean.Doc.Parser.versoText "hey"))
       (Lean.Doc.Parser.Inline.linebreak
        "\n")])])]
All input consumed.
Round-trip OK
Decoded views:
  blockquote (marker := ">")
    para
      text (content := "hey")
      linebreak (newline := "\n")
