Input: ": an excellent idea\n\n    Let's say more!"
Success! Final stack:
  [(Lean.Doc.Parser.Block.dl
    [(Lean.Doc.Parser.DescItem.item
      ":"
      [(Lean.Doc.Parser.Inline.text
        (Lean.Doc.Parser.versoText
         " an excellent idea"))]
      [(Lean.Doc.Parser.Block.para
        [(Lean.Doc.Parser.Inline.text
          (Lean.Doc.Parser.versoText
           "Let's say more!"))])])])]
All input consumed.
Round-trip OK
Decoded views:
  dl
    item (marker := ":")
      term
        text (content := " an excellent idea")
      desc
        para
          text (content := "Let's say more!")
