Input: "``` scheme dialect:=\"chicken\" 43\n(define x 4)\nx\n```"
Success! Final stack:
  (Lean.Doc.Parser.Block.codeblock
   (Lean.Doc.Parser.codeBlockFence "```")
   [`scheme
    [(Lean.Doc.Parser.Arg.named_no_paren
      `dialect
      ":="
      (Lean.Doc.Parser.ArgVal.str
       (str "\"chicken\"")))
     (Lean.Doc.Parser.Arg.anon
      (Lean.Doc.Parser.ArgVal.num (num "43")))]]
   (Lean.Doc.Parser.versoCodeBlock
    [(Lean.Doc.Parser.versoCodeLine
      "(define x 4)\n")
     (Lean.Doc.Parser.versoCodeLine "x\n")])
   (Lean.Doc.Parser.codeBlockFence "```"))
All input consumed.
Round-trip OK
Decoded views:
  codeblock (openFence := "```") (name? := some scheme) (args := [named (parens := none) (name := dialect) (assign := ":=") (val := str (lit := "chicken") (value := "chicken")), anon (val := num (lit := 43) (value := 43))]) (content := "(define x 4)\nx\n") (closeFence := "```")
