Input: " ``` scheme\n(define x 4)\nx\n```"
Failure: expected closing '```' for the code block opened on line 1 at column 1
 --> 2:0-2:1
  |
2 | (define x 4)
  | ^
  = consumed input prefix: 12 bytes
Final stack:
  (Lean.Doc.Parser.Block.codeblock
   (Lean.Doc.Parser.codeBlockFence "```")
   [`scheme []]
   (Lean.Doc.Parser.versoCodeBlock [])
   <missing>)
Remaining:
"x\n```"
Round-trip not reproduced, as the parse reported errors: leaf without original source info: <missing>
