Input: " ::: multiPara\n foo\n\n * List item \n :::\n"
Success! Final stack:
  (Lean.Doc.Parser.Block.directive
   (Lean.Doc.Parser.directiveDelimiter ":::")
   `multiPara
   []
   [(Lean.Doc.Parser.Block.para
     [(Lean.Doc.Parser.Inline.text
       (Lean.Doc.Parser.versoText "foo"))])
    (Lean.Doc.Parser.Block.ul
     [(Lean.Doc.Parser.ListItem.item
       (Lean.Doc.Parser.listMarker "*")
       [(Lean.Doc.Parser.Block.para
         [(Lean.Doc.Parser.Inline.text
           (Lean.Doc.Parser.versoText
            "List item "))])])])]
   (Lean.Doc.Parser.directiveDelimiter ":::"))
All input consumed.
Round-trip OK
Decoded views:
  directive (opener := ":::") (name := multiPara) (args := []) (closer := ":::")
    para
      text (content := "foo")
    ul
      item (marker := "*")
        para
          text (content := "List item ")
