Input: "para {c\n```\ncode\n\nmore\n```\n\nAfter\n"
Failure: unexpected newline; expected positional argument, named argument, flag, or '}' (use '\{' for a literal '{')
 --> 1:7
  |
1 | para {c
  |        ^
  = consumed input prefix: 7 bytes
Final stack:
  (Lean.Doc.Parser.document
   [(Lean.Doc.Parser.Block.para
     [(Lean.Doc.Parser.Inline.text
       (Lean.Doc.Parser.versoText "para "))
      (Lean.Doc.Parser.Inline.role
       "{"
       `c
       []
       <missing>
       []
       []
       [])])
    (Lean.Doc.Parser.Block.codeblock
     (Lean.Doc.Parser.codeBlockFence "```")
     []
     (Lean.Doc.Parser.versoCodeBlock
      [(Lean.Doc.Parser.versoCodeLine "code\n")
       (Lean.Doc.Parser.versoCodeLine "\n")
       (Lean.Doc.Parser.versoCodeLine "more\n")])
     (Lean.Doc.Parser.codeBlockFence "```"))
    (Lean.Doc.Parser.Block.para
     [(Lean.Doc.Parser.Inline.text
       (Lean.Doc.Parser.versoText "After"))
      (Lean.Doc.Parser.Inline.linebreak "\n")])])
All input consumed.
Round-trip not reproduced, as the parse reported errors: leaf without original source info: <missing>
