Input: "leanExample context more"
Success! Final stack:
 • `leanExample
 • [(Lean.Doc.Parser.Arg.anon
      (Lean.Doc.Parser.ArgVal.ident `context))
     (Lean.Doc.Parser.Arg.anon
      (Lean.Doc.Parser.ArgVal.ident `more))]

All input consumed.
Round-trip OK
Decoded views:
  anon (val := name (x := context))
  anon (val := name (x := more))
