Input: "scheme dialect:=\"chicken\" 43 +foo"
Success! Final stack:
 • `scheme
 • [(Lean.Doc.Parser.Arg.named_no_paren
      `dialect
      ":="
      (Lean.Doc.Parser.ArgVal.str
       (str "\"chicken\"")))
     (Lean.Doc.Parser.Arg.anon
      (Lean.Doc.Parser.ArgVal.num (num "43")))
     (Lean.Doc.Parser.Arg.flag_on "+" `foo)]

All input consumed.
Round-trip OK
Decoded views:
  named (parens := none) (name := dialect) (assign := ":=") (val := str (lit := "chicken") (value := "chicken"))
  anon (val := num (lit := 43) (value := 43))
  flag (sign := "+") (name := foo) (isOn := true)
