Input: "$$`\\frac{x}{4}`"
Success! Final stack:
  (Lean.Doc.Parser.Inline.display_math
   (Lean.Doc.Parser.displayMathMarker "$$")
   (Lean.Doc.Parser.Inline.code
    (Lean.Doc.Parser.codeDelimiter "`")
    (Lean.Doc.Parser.versoCode
     [(Lean.Doc.Parser.versoCodeLine
       "\\frac{x}{4}")])
    (Lean.Doc.Parser.codeDelimiter "`")))
All input consumed.
Round-trip OK
Decoded views:
  math (mode := display) (marker := "$$") (opener := "`") (content := "\\frac{x}{4}") (closer := "`")
