Input: "$`\\frac{\n  x\n}{\n  4\n}\n`"
Success! Final stack:
  (Lean.Doc.Parser.Inline.inline_math
   (Lean.Doc.Parser.inlineMathMarker "$")
   (Lean.Doc.Parser.Inline.code
    (Lean.Doc.Parser.codeDelimiter "`")
    (Lean.Doc.Parser.versoCode
     "\\frac{\n  x\n}{\n  4\n}\n")
    (Lean.Doc.Parser.codeDelimiter "`")))
All input consumed.
Round-trip OK
Decoded views:
  math (mode := inline) (marker := "$") (opener := "`") (content := "\\frac{\n  x\n}{\n  4\n}\n") (closer := "`")
