Input: "![](logo.png)"
Success! Final stack:
  (Lean.Doc.Parser.Inline.image
   "!["
   (Lean.Doc.Parser.versoImageAlt "")
   "]"
   (Lean.Doc.Parser.LinkTarget.url
    "("
    (Lean.Doc.Parser.versoLinkUrl "logo.png")
    ")"))
All input consumed.
Round-trip OK
Decoded views:
  image (opener := "![") (alt := "") (closer := "]") (target := url (opener := "(") (url := "logo.png") (closer := ")"))
