Input: "![abc\n123"
Failure: expected ']'
 --> 1:5
  |
1 | ![abc
  |      ^
  = consumed input prefix: 5 bytes
Final stack:
  (Lean.Doc.Parser.Inline.image
   "!["
   (Lean.Doc.Parser.versoImageAlt "abc")
   <missing>)
Remaining:
"\n123"
Round-trip not reproduced, as the parse reported errors: leaf without original source info: <missing>
