Input: "`foo"
Failure: unterminated inline code; expected '`'
 --> 1:0-1:1
  |
1 | `foo
  | ^
  = consumed input prefix: 4 bytes
Final stack:
  (Lean.Doc.Parser.Inline.code
   (Lean.Doc.Parser.codeDelimiter "`")
   (Lean.Doc.Parser.versoCode
    [(Lean.Doc.Parser.versoCodeLine "foo")])
   <missing>)
All input consumed.
Round-trip not reproduced, as the parse reported errors: leaf without original source info: <missing>
