versoDocMissing.lean:10:0: error: unexpected end of input; expected '#guard_msgs', 'abbrev', 'add_decl_doc', 'axiom', 'binder_predicate', 'builtin_dsimproc', 'builtin_dsimproc_decl', 'builtin_grind_propagator', 'builtin_initialize', 'builtin_simproc', 'builtin_simproc_decl', 'class', 'coinductive', 'declare_simp_like_tactic', 'declare_syntax_cat', 'def', 'dsimproc', 'dsimproc_decl', 'elab', 'elab_rules', 'example', 'grind_propagator', 'inductive', 'infix', 'infixl', 'infixr', 'initialize', 'instance', 'macro', 'macro_rules', 'notation', 'opaque', 'postfix', 'prefix', 'recommended_spelling', 'register_error_explanation', 'register_tactic_tag', 'register_try?_tactic', 'simproc', 'simproc_decl', 'structure', 'syntax', 'tactic_extension', 'theorem' or 'unif_hint'
