measurement: one_big_hyp_many_goals_inc ...
measurement: one_big_hyp_many_goals_noninc ...
measurement: one_big_hyp_many_goals_speedup ...
measurement: one_big_hyp_one_goal_inc ...
measurement: one_big_hyp_one_goal_noninc ...
measurement: one_big_hyp_one_goal_speedup ...
measurement: many_small_hyps_many_goals_inc ...
measurement: many_small_hyps_many_goals_noninc ...
measurement: many_small_hyps_many_goals_speedup ...
measurement: many_small_hyps_one_goal_inc ...
measurement: many_small_hyps_one_goal_noninc ...
measurement: many_small_hyps_one_goal_speedup ...
measurement: many_medium_hyps_many_goals_inc ...
measurement: many_medium_hyps_many_goals_noninc ...
measurement: many_medium_hyps_many_goals_speedup ...
measurement: many_medium_hyps_one_goal_inc ...
measurement: many_medium_hyps_one_goal_noninc ...
measurement: many_medium_hyps_one_goal_speedup ...
